// Jest Snapshot v1, https://goo.gl/fbAQLP

exports[`With Snapshot Testing App shows "Hello world!" 1`] = `
<div>
  <header>
    <nav>
      <a
        href="/"
        onClick={[Function]}
      >
        Home
      </a>
      |
      <a
        href="/about"
        onClick={[Function]}
      >
        About
      </a>
      |
      <a
        href="/contact"
        onClick={[Function]}
      >
        Contact
      </a>
    </nav>
  </header>
  <div>
    Hello World!
  </div>
  <footer>
    I am the footer!
  </footer>
</div>
`;
